com\example\ShowHistory.class
com\example\activity\RegisterActivityServlet.class
com\yourname\volunteer\adminma\TestDBConnection.class
huydk\HuyDangKyServlet.class
com\yourname\volunteer\adminma\Volunteer.class
com\yourname\volunteer\adminma\Activity.class
com\yourname\volunteer\adminma\Category.class
com\example\activity\ConfirmActivityServlet.class
com\yourname\volunteer\adminma\ActivityServlet.class
com\example\qr\QRCodeGenerator.class
com\example\qr\QRScanServlet.class
com\yourname\volunteer\adminma\ReportServlet.class
register\ConfirmServlet.class
register\RegisterServlet.class
com\example\LogoutServlet.class
com\yourname\volunteer\adminma\UpdateStatusServlet.class
com\mycompany\mail\resources\JakartaEE10Resource.class
com\yourname\volunteer\adminma\VolunteerServlet.class
register\PendingUser.class
com\example\login\LoginServlet.class
com\example\update\UpdateUserServlet.class
com\yourname\volunteer\adminma\CategoryServlet.class
com\example\EmailUtils.class
com\example\dbconnect.class
com\mycompany\mail\JakartaRestConfiguration.class
com\yourname\volunteer\adminma\JakartaRestConfiguration.class
com\example\activity\showactive.class
com\yourname\volunteer\adminma\Showattend.class
com\example\EmailUtils$1.class
com\example\Personalhistory.class
com\example\update\ConfirmUpdateServlet.class
