C:\Users\Admins\Videos\jaavaaaa\New folder\mail(thieu historycanhan)\mail\src\main\java\com\yourname\volunteer\adminma\Showattend.java
C:\Users\Admins\Videos\jaavaaaa\New folder\mail(thieu historycanhan)\mail\src\main\java\com\yourname\volunteer\adminma\Activity.java
C:\Users\Admins\Videos\jaavaaaa\New folder\mail(thieu historycanhan)\mail\src\main\java\com\example\update\ConfirmUpdateServlet.java
C:\Users\Admins\Videos\jaavaaaa\New folder\mail(thieu historycanhan)\mail\src\main\java\com\yourname\volunteer\adminma\Volunteer.java
C:\Users\Admins\Videos\jaavaaaa\New folder\mail(thieu historycanhan)\mail\src\main\java\mycompany\EmailSender.java
C:\Users\Admins\Videos\jaavaaaa\New folder\mail(thieu historycanhan)\mail\src\main\java\com\yourname\volunteer\adminma\Category.java
C:\Users\Admins\Videos\jaavaaaa\New folder\mail(thieu historycanhan)\mail\src\main\java\register\ConfirmServlet.java
C:\Users\Admins\Videos\jaavaaaa\New folder\mail(thieu historycanhan)\mail\src\main\java\com\yourname\volunteer\adminma\JakartaRestConfiguration.java
C:\Users\Admins\Videos\jaavaaaa\New folder\mail(thieu historycanhan)\mail\src\main\java\com\example\qr\QRScanServlet.java
C:\Users\Admins\Videos\jaavaaaa\New folder\mail(thieu historycanhan)\mail\src\main\java\com\yourname\volunteer\adminma\ActivityServlet.java
C:\Users\Admins\Videos\jaavaaaa\New folder\mail(thieu historycanhan)\mail\src\main\java\huydk\HuyDangKyServlet.java
C:\Users\Admins\Videos\jaavaaaa\New folder\mail(thieu historycanhan)\mail\src\main\java\com\yourname\volunteer\adminma\ReportServlet.java
C:\Users\Admins\Videos\jaavaaaa\New folder\mail(thieu historycanhan)\mail\src\main\java\com\yourname\volunteer\adminma\VolunteerServlet.java
C:\Users\Admins\Videos\jaavaaaa\New folder\mail(thieu historycanhan)\mail\src\main\java\com\example\EmailUtils.java
C:\Users\Admins\Videos\jaavaaaa\New folder\mail(thieu historycanhan)\mail\src\main\java\com\yourname\volunteer\adminma\DBUtil.java
C:\Users\Admins\Videos\jaavaaaa\New folder\mail(thieu historycanhan)\mail\src\main\java\register\RegisterServlet.java
C:\Users\Admins\Videos\jaavaaaa\New folder\mail(thieu historycanhan)\mail\src\main\java\register\PendingUser.java
C:\Users\Admins\Videos\jaavaaaa\New folder\mail(thieu historycanhan)\mail\src\main\java\com\example\dbconnect.java
C:\Users\Admins\Videos\jaavaaaa\New folder\mail(thieu historycanhan)\mail\src\main\java\com\example\login\LoginServlet.java
C:\Users\Admins\Videos\jaavaaaa\New folder\mail(thieu historycanhan)\mail\src\main\java\com\example\activity\RegisterActivityServlet.java
C:\Users\Admins\Videos\jaavaaaa\New folder\mail(thieu historycanhan)\mail\src\main\java\com\example\qr\QRCodeGenerator.java
C:\Users\Admins\Videos\jaavaaaa\New folder\mail(thieu historycanhan)\mail\src\main\java\com\example\update\UpdateUserServlet.java
C:\Users\Admins\Videos\jaavaaaa\New folder\mail(thieu historycanhan)\mail\src\main\java\com\yourname\volunteer\adminma\TestDBConnection.java
C:\Users\Admins\Videos\jaavaaaa\New folder\mail(thieu historycanhan)\mail\src\main\java\com\example\activity\showactive.java
C:\Users\Admins\Videos\jaavaaaa\New folder\mail(thieu historycanhan)\mail\src\main\java\com\example\ShowHistory.java
C:\Users\Admins\Videos\jaavaaaa\New folder\mail(thieu historycanhan)\mail\src\main\java\mycompany\SendEmailServlet.java
C:\Users\Admins\Videos\jaavaaaa\New folder\mail(thieu historycanhan)\mail\src\main\java\com\yourname\volunteer\adminma\UpdateStatusServlet.java
C:\Users\Admins\Videos\jaavaaaa\New folder\mail(thieu historycanhan)\mail\src\main\java\com\yourname\volunteer\adminma\CategoryServlet.java
C:\Users\Admins\Videos\jaavaaaa\New folder\mail(thieu historycanhan)\mail\src\main\java\com\mycompany\mail\resources\JakartaEE10Resource.java
C:\Users\Admins\Videos\jaavaaaa\New folder\mail(thieu historycanhan)\mail\src\main\java\com\example\Personalhistory.java
C:\Users\Admins\Videos\jaavaaaa\New folder\mail(thieu historycanhan)\mail\src\main\java\com\example\LogoutServlet.java
C:\Users\Admins\Videos\jaavaaaa\New folder\mail(thieu historycanhan)\mail\src\main\java\com\mycompany\mail\JakartaRestConfiguration.java
C:\Users\Admins\Videos\jaavaaaa\New folder\mail(thieu historycanhan)\mail\src\main\java\com\example\activity\ConfirmActivityServlet.java
